TuranAPI: Logging Started!
Vulkan_Core::Create_Renderer isn't coded!Vulkan FileSystem isn't coded!
Vulkan's IMGUI support isn't coded!

